TAG n5m8D6_index_w1_8
{
  "ckpt": "w1_8.pt",
  "n": 5,
  "m": 8,
  "npairs": 800,
  "corr_total_geodesic": 0.405,
  "mae_total": 5.107,
  "corr_cfactor_cycledist": 0.507,
  "corr_cfactor_pathmoves": 0.144,
  "per_factor_corr_vs_pathmoves": [
    0.058,
    0.068,
    0.165,
    -0.023,
    0.602
  ],
  "per_factor_corr_vs_cycledist": [
    0.962,
    0.745,
    0.693,
    0.38,
    0.602
  ],
  "mean_overhead_per_factor": [
    1.98,
    1.91,
    1.78,
    1.68,
    0.0
  ],
  "corr_cfactor_overhead": -0.179,
  "steps_to_50pct": 2,
  "steps_to_90pct": 7,
  "visit0_rate_when_needs_unlock": 0.28,
  "visit0_rate_when_not": 0.239,
  "corr_embdist_cycledist": 0.86
}
