TAG n6m5D14_index_w10_n6D14_Tt25
{
  "ckpt": "w10_n6D14_Tt25.pt",
  "n": 6,
  "m": 5,
  "npairs": 1000,
  "corr_total_geodesic": 0.999,
  "mae_total": 0.23,
  "corr_cfactor_cycledist": 0.6,
  "corr_cfactor_pathmoves": 0.273,
  "per_factor_corr_vs_pathmoves": [
    0.6,
    0.362,
    0.242,
    0.217,
    0.236,
    0.704
  ],
  "per_factor_corr_vs_cycledist": [
    0.804,
    0.608,
    0.622,
    0.615,
    0.61,
    0.704
  ],
  "mean_overhead_per_factor": [
    1.11,
    1.01,
    1.15,
    1.12,
    0.98,
    0.0
  ],
  "corr_cfactor_overhead": -0.118,
  "steps_to_50pct": 2,
  "steps_to_90pct": 4,
  "visit0_rate_when_needs_unlock": 0.481,
  "visit0_rate_when_not": 0.392,
  "corr_embdist_cycledist": 0.925
}
