TAG n5m6D18_index_w11_n5D18_Tt35_s2
{
  "ckpt": "w11_n5D18_Tt35_s2.pt",
  "n": 5,
  "m": 6,
  "npairs": 1000,
  "corr_total_geodesic": 1.0,
  "mae_total": 0.127,
  "corr_cfactor_cycledist": 0.222,
  "corr_cfactor_pathmoves": 0.971,
  "per_factor_corr_vs_pathmoves": [
    0.998,
    0.982,
    0.962,
    0.989,
    0.963
  ],
  "per_factor_corr_vs_cycledist": [
    0.032,
    0.163,
    0.05,
    0.131,
    0.963
  ],
  "mean_overhead_per_factor": [
    1.43,
    1.41,
    1.36,
    1.25,
    0.0
  ],
  "corr_cfactor_overhead": 0.751,
  "steps_to_50pct": 2,
  "steps_to_90pct": 4,
  "visit0_rate_when_needs_unlock": 0.976,
  "visit0_rate_when_not": 0.524,
  "corr_embdist_cycledist": 0.791
}
