TAG n5m6D18_index_w11_n5D18_Tt35_s1
{
  "ckpt": "w11_n5D18_Tt35_s1.pt",
  "n": 5,
  "m": 6,
  "npairs": 1000,
  "corr_total_geodesic": 0.999,
  "mae_total": 0.334,
  "corr_cfactor_cycledist": 0.287,
  "corr_cfactor_pathmoves": 0.429,
  "per_factor_corr_vs_pathmoves": [
    0.445,
    0.639,
    0.637,
    0.683,
    0.788
  ],
  "per_factor_corr_vs_cycledist": [
    0.855,
    0.152,
    0.473,
    0.172,
    0.788
  ],
  "per_factor_corr_vs_total": [
    0.318,
    0.622,
    0.631,
    0.738,
    0.664
  ],
  "mean_overhead_per_factor": [
    1.43,
    1.41,
    1.36,
    1.25,
    0.0
  ],
  "corr_cfactor_overhead": 0.218,
  "steps_to_50pct": 2,
  "steps_to_90pct": 4,
  "visit0_rate_when_needs_unlock": 0.688,
  "visit0_rate_when_not": 0.53,
  "corr_embdist_cycledist": 0.73
}
